0:0:0:0:0:0:0:1 - - [14/Nov/2018:09:10:18 +0800] "POST /item/cat/queryItemName HTTP/1.0" 200 6 http-bio-8091-exec-8 3
127.0.0.1 - - [14/Nov/2018:09:10:18 +0800] "POST /item/cat/queryItemName HTTP/1.0" 200 6 http-bio-8091-exec-10 4
0:0:0:0:0:0:0:1 - - [14/Nov/2018:09:10:18 +0800] "POST /item/cat/queryItemName HTTP/1.0" 200 6 http-bio-8091-exec-3 4
127.0.0.1 - - [14/Nov/2018:09:10:18 +0800] "POST /item/cat/queryItemName HTTP/1.0" 200 12 http-bio-8091-exec-5 13
0:0:0:0:0:0:0:1 - - [14/Nov/2018:09:10:18 +0800] "POST /item/cat/queryItemName HTTP/1.0" 200 6 http-bio-8091-exec-6 3
127.0.0.1 - - [14/Nov/2018:09:10:18 +0800] "POST /item/cat/queryItemName HTTP/1.0" 200 12 http-bio-8091-exec-2 3
0:0:0:0:0:0:0:1 - - [14/Nov/2018:09:10:18 +0800] "POST /item/cat/queryItemName HTTP/1.0" 200 6 http-bio-8091-exec-4 5
127.0.0.1 - - [14/Nov/2018:09:10:18 +0800] "POST /item/cat/queryItemName HTTP/1.0" 200 6 http-bio-8091-exec-1 3
0:0:0:0:0:0:0:1 - - [14/Nov/2018:09:10:18 +0800] "POST /item/cat/queryItemName HTTP/1.0" 200 12 http-bio-8091-exec-9 4
127.0.0.1 - - [14/Nov/2018:09:10:18 +0800] "POST /item/cat/queryItemName HTTP/1.0" 200 6 http-bio-8091-exec-7 4
0:0:0:0:0:0:0:1 - - [14/Nov/2018:09:10:18 +0800] "POST /item/cat/queryItemName HTTP/1.0" 200 6 http-bio-8091-exec-8 4
127.0.0.1 - - [14/Nov/2018:09:10:18 +0800] "POST /item/cat/queryItemName HTTP/1.0" 200 6 http-bio-8091-exec-10 3
0:0:0:0:0:0:0:1 - - [14/Nov/2018:09:10:18 +0800] "POST /item/cat/queryItemName HTTP/1.0" 200 6 http-bio-8091-exec-3 3
127.0.0.1 - - [14/Nov/2018:09:10:18 +0800] "POST /item/cat/queryItemName HTTP/1.0" 200 6 http-bio-8091-exec-5 3
0:0:0:0:0:0:0:1 - - [14/Nov/2018:09:10:18 +0800] "POST /item/cat/queryItemName HTTP/1.0" 200 6 http-bio-8091-exec-6 3
127.0.0.1 - - [14/Nov/2018:09:10:18 +0800] "POST /item/cat/queryItemName HTTP/1.0" 200 6 http-bio-8091-exec-2 3
0:0:0:0:0:0:0:1 - - [14/Nov/2018:09:10:18 +0800] "POST /item/cat/queryItemName HTTP/1.0" 200 6 http-bio-8091-exec-4 3
127.0.0.1 - - [14/Nov/2018:09:10:18 +0800] "POST /item/cat/queryItemName HTTP/1.0" 200 12 http-bio-8091-exec-1 5
0:0:0:0:0:0:0:1 - - [14/Nov/2018:09:10:18 +0800] "POST /item/cat/queryItemName HTTP/1.0" 200 6 http-bio-8091-exec-9 3
127.0.0.1 - - [14/Nov/2018:09:10:19 +0800] "GET /item/query?page=21&rows=20 HTTP/1.0" 200 9892 http-bio-8091-exec-7 29
0:0:0:0:0:0:0:1 - - [14/Nov/2018:09:10:19 +0800] "POST /item/cat/queryItemName HTTP/1.0" 200 6 http-bio-8091-exec-8 3
127.0.0.1 - - [14/Nov/2018:09:10:19 +0800] "POST /item/cat/queryItemName HTTP/1.0" 200 6 http-bio-8091-exec-10 3
0:0:0:0:0:0:0:1 - - [14/Nov/2018:09:10:19 +0800] "POST /item/cat/queryItemName HTTP/1.0" 200 6 http-bio-8091-exec-3 3
127.0.0.1 - - [14/Nov/2018:09:10:19 +0800] "POST /item/cat/queryItemName HTTP/1.0" 200 6 http-bio-8091-exec-5 4
0:0:0:0:0:0:0:1 - - [14/Nov/2018:09:10:19 +0800] "POST /item/cat/queryItemName HTTP/1.0" 200 12 http-bio-8091-exec-6 3
127.0.0.1 - - [14/Nov/2018:09:10:19 +0800] "POST /item/cat/queryItemName HTTP/1.0" 200 6 http-bio-8091-exec-2 3
0:0:0:0:0:0:0:1 - - [14/Nov/2018:09:10:19 +0800] "POST /item/cat/queryItemName HTTP/1.0" 200 6 http-bio-8091-exec-4 3
127.0.0.1 - - [14/Nov/2018:09:10:19 +0800] "POST /item/cat/queryItemName HTTP/1.0" 200 6 http-bio-8091-exec-1 4
0:0:0:0:0:0:0:1 - - [14/Nov/2018:09:10:19 +0800] "POST /item/cat/queryItemName HTTP/1.0" 200 6 http-bio-8091-exec-9 3
127.0.0.1 - - [14/Nov/2018:09:10:19 +0800] "POST /item/cat/queryItemName HTTP/1.0" 200 6 http-bio-8091-exec-7 5
0:0:0:0:0:0:0:1 - - [14/Nov/2018:09:10:19 +0800] "POST /item/cat/queryItemName HTTP/1.0" 200 6 http-bio-8091-exec-8 3
127.0.0.1 - - [14/Nov/2018:09:10:19 +0800] "POST /item/cat/queryItemName HTTP/1.0" 200 6 http-bio-8091-exec-10 5
0:0:0:0:0:0:0:1 - - [14/Nov/2018:09:10:19 +0800] "POST /item/cat/queryItemName HTTP/1.0" 200 6 http-bio-8091-exec-3 2
127.0.0.1 - - [14/Nov/2018:09:10:19 +0800] "POST /item/cat/queryItemName HTTP/1.0" 200 12 http-bio-8091-exec-5 2
0:0:0:0:0:0:0:1 - - [14/Nov/2018:09:10:19 +0800] "POST /item/cat/queryItemName HTTP/1.0" 200 6 http-bio-8091-exec-6 2
127.0.0.1 - - [14/Nov/2018:09:10:19 +0800] "POST /item/cat/queryItemName HTTP/1.0" 200 6 http-bio-8091-exec-2 4
0:0:0:0:0:0:0:1 - - [14/Nov/2018:09:10:19 +0800] "POST /item/cat/queryItemName HTTP/1.0" 200 6 http-bio-8091-exec-4 2
127.0.0.1 - - [14/Nov/2018:09:10:20 +0800] "POST /item/cat/queryItemName HTTP/1.0" 200 6 http-bio-8091-exec-1 4
0:0:0:0:0:0:0:1 - - [14/Nov/2018:09:10:20 +0800] "POST /item/cat/queryItemName HTTP/1.0" 200 12 http-bio-8091-exec-9 3
127.0.0.1 - - [14/Nov/2018:09:10:20 +0800] "POST /item/cat/queryItemName HTTP/1.0" 200 6 http-bio-8091-exec-7 6
0:0:0:0:0:0:0:1 - - [14/Nov/2018:09:10:29 +0800] "GET /item/query?page=22&rows=20 HTTP/1.0" 200 9730 http-bio-8091-exec-8 15
127.0.0.1 - - [14/Nov/2018:09:10:29 +0800] "POST /item/cat/queryItemName HTTP/1.0" 200 6 http-bio-8091-exec-10 7
0:0:0:0:0:0:0:1 - - [14/Nov/2018:09:10:29 +0800] "POST /item/cat/queryItemName HTTP/1.0" 200 12 http-bio-8091-exec-3 3
127.0.0.1 - - [14/Nov/2018:09:10:29 +0800] "POST /item/cat/queryItemName HTTP/1.0" 200 6 http-bio-8091-exec-5 3
0:0:0:0:0:0:0:1 - - [14/Nov/2018:09:10:29 +0800] "POST /item/cat/queryItemName HTTP/1.0" 200 12 http-bio-8091-exec-6 3
127.0.0.1 - - [14/Nov/2018:09:10:29 +0800] "POST /item/cat/queryItemName HTTP/1.0" 200 6 http-bio-8091-exec-2 4
0:0:0:0:0:0:0:1 - - [14/Nov/2018:09:10:29 +0800] "POST /item/cat/queryItemName HTTP/1.0" 200 6 http-bio-8091-exec-4 3
127.0.0.1 - - [14/Nov/2018:09:10:29 +0800] "POST /item/cat/queryItemName HTTP/1.0" 200 12 http-bio-8091-exec-1 3
0:0:0:0:0:0:0:1 - - [14/Nov/2018:09:10:29 +0800] "POST /item/cat/queryItemName HTTP/1.0" 200 6 http-bio-8091-exec-9 3
127.0.0.1 - - [14/Nov/2018:09:10:29 +0800] "POST /item/cat/queryItemName HTTP/1.0" 200 6 http-bio-8091-exec-7 4
0:0:0:0:0:0:0:1 - - [14/Nov/2018:09:10:29 +0800] "POST /item/cat/queryItemName HTTP/1.0" 200 6 http-bio-8091-exec-8 3
127.0.0.1 - - [14/Nov/2018:09:10:29 +0800] "POST /item/cat/queryItemName HTTP/1.0" 200 6 http-bio-8091-exec-10 3
0:0:0:0:0:0:0:1 - - [14/Nov/2018:09:10:29 +0800] "POST /item/cat/queryItemName HTTP/1.0" 200 6 http-bio-8091-exec-3 3
127.0.0.1 - - [14/Nov/2018:09:10:29 +0800] "POST /item/cat/queryItemName HTTP/1.0" 200 6 http-bio-8091-exec-5 3
0:0:0:0:0:0:0:1 - - [14/Nov/2018:09:10:29 +0800] "POST /item/cat/queryItemName HTTP/1.0" 200 12 http-bio-8091-exec-6 3
127.0.0.1 - - [14/Nov/2018:09:10:29 +0800] "POST /item/cat/queryItemName HTTP/1.0" 200 6 http-bio-8091-exec-2 3
0:0:0:0:0:0:0:1 - - [14/Nov/2018:09:10:29 +0800] "POST /item/cat/queryItemName HTTP/1.0" 200 12 http-bio-8091-exec-4 3
127.0.0.1 - - [14/Nov/2018:09:10:30 +0800] "POST /item/cat/queryItemName HTTP/1.0" 200 6 http-bio-8091-exec-1 4
0:0:0:0:0:0:0:1 - - [14/Nov/2018:09:10:30 +0800] "POST /item/cat/queryItemName HTTP/1.0" 200 12 http-bio-8091-exec-9 2
127.0.0.1 - - [14/Nov/2018:09:10:30 +0800] "POST /item/cat/queryItemName HTTP/1.0" 200 12 http-bio-8091-exec-7 5
0:0:0:0:0:0:0:1 - - [14/Nov/2018:09:10:30 +0800] "POST /item/cat/queryItemName HTTP/1.0" 200 6 http-bio-8091-exec-8 3
127.0.0.1 - - [14/Nov/2018:09:10:32 +0800] "GET /item/query?page=23&rows=20 HTTP/1.0" 200 9498 http-bio-8091-exec-10 13
0:0:0:0:0:0:0:1 - - [14/Nov/2018:09:10:32 +0800] "POST /item/cat/queryItemName HTTP/1.0" 200 6 http-bio-8091-exec-3 7
127.0.0.1 - - [14/Nov/2018:09:10:33 +0800] "POST /item/cat/queryItemName HTTP/1.0" 200 6 http-bio-8091-exec-5 4
0:0:0:0:0:0:0:1 - - [14/Nov/2018:09:10:33 +0800] "POST /item/cat/queryItemName HTTP/1.0" 200 6 http-bio-8091-exec-6 3
127.0.0.1 - - [14/Nov/2018:09:10:33 +0800] "POST /item/cat/queryItemName HTTP/1.0" 200 6 http-bio-8091-exec-2 4
0:0:0:0:0:0:0:1 - - [14/Nov/2018:09:10:33 +0800] "POST /item/cat/queryItemName HTTP/1.0" 200 6 http-bio-8091-exec-4 3
127.0.0.1 - - [14/Nov/2018:09:10:33 +0800] "POST /item/cat/queryItemName HTTP/1.0" 200 12 http-bio-8091-exec-1 3
0:0:0:0:0:0:0:1 - - [14/Nov/2018:09:10:33 +0800] "POST /item/cat/queryItemName HTTP/1.0" 200 6 http-bio-8091-exec-9 2
127.0.0.1 - - [14/Nov/2018:09:10:33 +0800] "POST /item/cat/queryItemName HTTP/1.0" 200 6 http-bio-8091-exec-7 2
0:0:0:0:0:0:0:1 - - [14/Nov/2018:09:10:33 +0800] "POST /item/cat/queryItemName HTTP/1.0" 200 6 http-bio-8091-exec-8 2
127.0.0.1 - - [14/Nov/2018:09:10:33 +0800] "POST /item/cat/queryItemName HTTP/1.0" 200 12 http-bio-8091-exec-10 2
0:0:0:0:0:0:0:1 - - [14/Nov/2018:09:10:33 +0800] "POST /item/cat/queryItemName HTTP/1.0" 200 6 http-bio-8091-exec-3 2
127.0.0.1 - - [14/Nov/2018:09:10:33 +0800] "POST /item/cat/queryItemName HTTP/1.0" 200 6 http-bio-8091-exec-5 5
0:0:0:0:0:0:0:1 - - [14/Nov/2018:09:10:33 +0800] "POST /item/cat/queryItemName HTTP/1.0" 200 6 http-bio-8091-exec-6 2
127.0.0.1 - - [14/Nov/2018:09:10:33 +0800] "POST /item/cat/queryItemName HTTP/1.0" 200 6 http-bio-8091-exec-2 3
0:0:0:0:0:0:0:1 - - [14/Nov/2018:09:10:33 +0800] "POST /item/cat/queryItemName HTTP/1.0" 200 6 http-bio-8091-exec-4 2
127.0.0.1 - - [14/Nov/2018:09:10:33 +0800] "POST /item/cat/queryItemName HTTP/1.0" 200 6 http-bio-8091-exec-1 4
0:0:0:0:0:0:0:1 - - [14/Nov/2018:09:10:33 +0800] "POST /item/cat/queryItemName HTTP/1.0" 200 6 http-bio-8091-exec-9 2
127.0.0.1 - - [14/Nov/2018:09:10:33 +0800] "POST /item/cat/queryItemName HTTP/1.0" 200 12 http-bio-8091-exec-7 4
0:0:0:0:0:0:0:1 - - [14/Nov/2018:09:10:33 +0800] "POST /item/cat/queryItemName HTTP/1.0" 200 6 http-bio-8091-exec-8 2
127.0.0.1 - - [14/Nov/2018:09:10:33 +0800] "POST /item/cat/queryItemName HTTP/1.0" 200 6 http-bio-8091-exec-10 4
0:0:0:0:0:0:0:1 - - [14/Nov/2018:09:10:37 +0800] "GET /item/query?page=24&rows=20 HTTP/1.0" 200 9606 http-bio-8091-exec-3 21
127.0.0.1 - - [14/Nov/2018:09:10:37 +0800] "POST /item/cat/queryItemName HTTP/1.0" 200 6 http-bio-8091-exec-5 5
0:0:0:0:0:0:0:1 - - [14/Nov/2018:09:10:37 +0800] "POST /item/cat/queryItemName HTTP/1.0" 200 6 http-bio-8091-exec-6 4
127.0.0.1 - - [14/Nov/2018:09:10:37 +0800] "POST /item/cat/queryItemName HTTP/1.0" 200 6 http-bio-8091-exec-2 5
0:0:0:0:0:0:0:1 - - [14/Nov/2018:09:10:37 +0800] "POST /item/cat/queryItemName HTTP/1.0" 200 12 http-bio-8091-exec-4 3
127.0.0.1 - - [14/Nov/2018:09:10:37 +0800] "POST /item/cat/queryItemName HTTP/1.0" 200 6 http-bio-8091-exec-1 4
0:0:0:0:0:0:0:1 - - [14/Nov/2018:09:10:37 +0800] "POST /item/cat/queryItemName HTTP/1.0" 200 12 http-bio-8091-exec-9 2
127.0.0.1 - - [14/Nov/2018:09:10:37 +0800] "POST /item/cat/queryItemName HTTP/1.0" 200 6 http-bio-8091-exec-7 3
0:0:0:0:0:0:0:1 - - [14/Nov/2018:09:10:37 +0800] "POST /item/cat/queryItemName HTTP/1.0" 200 6 http-bio-8091-exec-8 2
127.0.0.1 - - [14/Nov/2018:09:10:37 +0800] "POST /item/cat/queryItemName HTTP/1.0" 200 6 http-bio-8091-exec-10 4
0:0:0:0:0:0:0:1 - - [14/Nov/2018:09:10:37 +0800] "POST /item/cat/queryItemName HTTP/1.0" 200 6 http-bio-8091-exec-3 2
127.0.0.1 - - [14/Nov/2018:09:10:37 +0800] "POST /item/cat/queryItemName HTTP/1.0" 200 6 http-bio-8091-exec-5 2
0:0:0:0:0:0:0:1 - - [14/Nov/2018:09:10:37 +0800] "POST /item/cat/queryItemName HTTP/1.0" 200 6 http-bio-8091-exec-6 3
127.0.0.1 - - [14/Nov/2018:09:10:37 +0800] "POST /item/cat/queryItemName HTTP/1.0" 200 6 http-bio-8091-exec-2 3
0:0:0:0:0:0:0:1 - - [14/Nov/2018:09:10:37 +0800] "POST /item/cat/queryItemName HTTP/1.0" 200 12 http-bio-8091-exec-4 2
127.0.0.1 - - [14/Nov/2018:09:10:37 +0800] "POST /item/cat/queryItemName HTTP/1.0" 200 6 http-bio-8091-exec-1 3
0:0:0:0:0:0:0:1 - - [14/Nov/2018:09:10:37 +0800] "POST /item/cat/queryItemName HTTP/1.0" 200 6 http-bio-8091-exec-9 3
127.0.0.1 - - [14/Nov/2018:09:10:37 +0800] "POST /item/cat/queryItemName HTTP/1.0" 200 6 http-bio-8091-exec-7 3
0:0:0:0:0:0:0:1 - - [14/Nov/2018:09:10:37 +0800] "POST /item/cat/queryItemName HTTP/1.0" 200 12 http-bio-8091-exec-8 2
127.0.0.1 - - [14/Nov/2018:09:10:37 +0800] "POST /item/cat/queryItemName HTTP/1.0" 200 12 http-bio-8091-exec-10 3
0:0:0:0:0:0:0:1 - - [14/Nov/2018:09:10:37 +0800] "POST /item/cat/queryItemName HTTP/1.0" 200 6 http-bio-8091-exec-3 2
127.0.0.1 - - [14/Nov/2018:09:10:39 +0800] "GET /item/query?page=25&rows=20 HTTP/1.0" 200 9637 http-bio-8091-exec-5 26
0:0:0:0:0:0:0:1 - - [14/Nov/2018:09:10:39 +0800] "POST /item/cat/queryItemName HTTP/1.0" 200 6 http-bio-8091-exec-6 3
127.0.0.1 - - [14/Nov/2018:09:10:39 +0800] "POST /item/cat/queryItemName HTTP/1.0" 200 6 http-bio-8091-exec-2 4
0:0:0:0:0:0:0:1 - - [14/Nov/2018:09:10:39 +0800] "POST /item/cat/queryItemName HTTP/1.0" 200 6 http-bio-8091-exec-4 3
127.0.0.1 - - [14/Nov/2018:09:10:39 +0800] "POST /item/cat/queryItemName HTTP/1.0" 200 6 http-bio-8091-exec-1 3
0:0:0:0:0:0:0:1 - - [14/Nov/2018:09:10:39 +0800] "POST /item/cat/queryItemName HTTP/1.0" 200 6 http-bio-8091-exec-9 3
127.0.0.1 - - [14/Nov/2018:09:10:39 +0800] "POST /item/cat/queryItemName HTTP/1.0" 200 6 http-bio-8091-exec-7 3
0:0:0:0:0:0:0:1 - - [14/Nov/2018:09:10:39 +0800] "POST /item/cat/queryItemName HTTP/1.0" 200 6 http-bio-8091-exec-8 2
127.0.0.1 - - [14/Nov/2018:09:10:39 +0800] "POST /item/cat/queryItemName HTTP/1.0" 200 12 http-bio-8091-exec-10 3
0:0:0:0:0:0:0:1 - - [14/Nov/2018:09:10:39 +0800] "POST /item/cat/queryItemName HTTP/1.0" 200 6 http-bio-8091-exec-3 2
127.0.0.1 - - [14/Nov/2018:09:10:39 +0800] "POST /item/cat/queryItemName HTTP/1.0" 200 6 http-bio-8091-exec-5 4
0:0:0:0:0:0:0:1 - - [14/Nov/2018:09:10:39 +0800] "POST /item/cat/queryItemName HTTP/1.0" 200 6 http-bio-8091-exec-6 2
127.0.0.1 - - [14/Nov/2018:09:10:39 +0800] "POST /item/cat/queryItemName HTTP/1.0" 200 6 http-bio-8091-exec-2 4
0:0:0:0:0:0:0:1 - - [14/Nov/2018:09:10:39 +0800] "POST /item/cat/queryItemName HTTP/1.0" 200 12 http-bio-8091-exec-4 3
127.0.0.1 - - [14/Nov/2018:09:10:39 +0800] "POST /item/cat/queryItemName HTTP/1.0" 200 6 http-bio-8091-exec-1 4
0:0:0:0:0:0:0:1 - - [14/Nov/2018:09:10:39 +0800] "POST /item/cat/queryItemName HTTP/1.0" 200 12 http-bio-8091-exec-9 2
127.0.0.1 - - [14/Nov/2018:09:10:39 +0800] "POST /item/cat/queryItemName HTTP/1.0" 200 6 http-bio-8091-exec-7 4
0:0:0:0:0:0:0:1 - - [14/Nov/2018:09:10:39 +0800] "POST /item/cat/queryItemName HTTP/1.0" 200 12 http-bio-8091-exec-8 2
127.0.0.1 - - [14/Nov/2018:09:10:39 +0800] "POST /item/cat/queryItemName HTTP/1.0" 200 6 http-bio-8091-exec-10 4
0:0:0:0:0:0:0:1 - - [14/Nov/2018:09:10:39 +0800] "POST /item/cat/queryItemName HTTP/1.0" 200 6 http-bio-8091-exec-3 3
127.0.0.1 - - [14/Nov/2018:09:10:39 +0800] "POST /item/cat/queryItemName HTTP/1.0" 200 6 http-bio-8091-exec-5 4
0:0:0:0:0:0:0:1 - - [14/Nov/2018:09:10:42 +0800] "GET /item/query?page=26&rows=20 HTTP/1.0" 200 9843 http-bio-8091-exec-6 27
127.0.0.1 - - [14/Nov/2018:09:10:42 +0800] "POST /item/cat/queryItemName HTTP/1.0" 200 12 http-bio-8091-exec-2 6
0:0:0:0:0:0:0:1 - - [14/Nov/2018:09:10:42 +0800] "POST /item/cat/queryItemName HTTP/1.0" 200 6 http-bio-8091-exec-4 2
127.0.0.1 - - [14/Nov/2018:09:10:42 +0800] "POST /item/cat/queryItemName HTTP/1.0" 200 6 http-bio-8091-exec-1 3
0:0:0:0:0:0:0:1 - - [14/Nov/2018:09:10:42 +0800] "POST /item/cat/queryItemName HTTP/1.0" 200 12 http-bio-8091-exec-9 2
127.0.0.1 - - [14/Nov/2018:09:10:42 +0800] "POST /item/cat/queryItemName HTTP/1.0" 200 6 http-bio-8091-exec-7 2
0:0:0:0:0:0:0:1 - - [14/Nov/2018:09:10:42 +0800] "POST /item/cat/queryItemName HTTP/1.0" 200 12 http-bio-8091-exec-8 3
127.0.0.1 - - [14/Nov/2018:09:10:42 +0800] "POST /item/cat/queryItemName HTTP/1.0" 200 12 http-bio-8091-exec-10 4
0:0:0:0:0:0:0:1 - - [14/Nov/2018:09:10:42 +0800] "POST /item/cat/queryItemName HTTP/1.0" 200 12 http-bio-8091-exec-3 4
127.0.0.1 - - [14/Nov/2018:09:10:42 +0800] "POST /item/cat/queryItemName HTTP/1.0" 200 6 http-bio-8091-exec-5 5
0:0:0:0:0:0:0:1 - - [14/Nov/2018:09:10:42 +0800] "POST /item/cat/queryItemName HTTP/1.0" 200 6 http-bio-8091-exec-6 3
127.0.0.1 - - [14/Nov/2018:09:10:42 +0800] "POST /item/cat/queryItemName HTTP/1.0" 200 6 http-bio-8091-exec-2 5
0:0:0:0:0:0:0:1 - - [14/Nov/2018:09:10:42 +0800] "POST /item/cat/queryItemName HTTP/1.0" 200 6 http-bio-8091-exec-4 3
127.0.0.1 - - [14/Nov/2018:09:10:42 +0800] "POST /item/cat/queryItemName HTTP/1.0" 200 6 http-bio-8091-exec-1 3
0:0:0:0:0:0:0:1 - - [14/Nov/2018:09:10:42 +0800] "POST /item/cat/queryItemName HTTP/1.0" 200 6 http-bio-8091-exec-9 3
127.0.0.1 - - [14/Nov/2018:09:10:42 +0800] "POST /item/cat/queryItemName HTTP/1.0" 200 6 http-bio-8091-exec-7 3
0:0:0:0:0:0:0:1 - - [14/Nov/2018:09:10:42 +0800] "POST /item/cat/queryItemName HTTP/1.0" 200 12 http-bio-8091-exec-8 3
127.0.0.1 - - [14/Nov/2018:09:10:42 +0800] "POST /item/cat/queryItemName HTTP/1.0" 200 6 http-bio-8091-exec-10 7
0:0:0:0:0:0:0:1 - - [14/Nov/2018:09:10:42 +0800] "POST /item/cat/queryItemName HTTP/1.0" 200 6 http-bio-8091-exec-3 4
127.0.0.1 - - [14/Nov/2018:09:10:42 +0800] "POST /item/cat/queryItemName HTTP/1.0" 200 6 http-bio-8091-exec-5 3
0:0:0:0:0:0:0:1 - - [14/Nov/2018:09:10:42 +0800] "POST /item/cat/queryItemName HTTP/1.0" 200 6 http-bio-8091-exec-6 2
127.0.0.1 - - [14/Nov/2018:09:10:44 +0800] "GET /item/query?page=27&rows=20 HTTP/1.0" 200 9675 http-bio-8091-exec-2 26
0:0:0:0:0:0:0:1 - - [14/Nov/2018:09:10:44 +0800] "POST /item/cat/queryItemName HTTP/1.0" 200 12 http-bio-8091-exec-4 6
127.0.0.1 - - [14/Nov/2018:09:10:44 +0800] "POST /item/cat/queryItemName HTTP/1.0" 200 12 http-bio-8091-exec-1 4
0:0:0:0:0:0:0:1 - - [14/Nov/2018:09:10:44 +0800] "POST /item/cat/queryItemName HTTP/1.0" 200 12 http-bio-8091-exec-9 3
127.0.0.1 - - [14/Nov/2018:09:10:44 +0800] "POST /item/cat/queryItemName HTTP/1.0" 200 6 http-bio-8091-exec-7 4
0:0:0:0:0:0:0:1 - - [14/Nov/2018:09:10:44 +0800] "POST /item/cat/queryItemName HTTP/1.0" 200 6 http-bio-8091-exec-8 3
127.0.0.1 - - [14/Nov/2018:09:10:44 +0800] "POST /item/cat/queryItemName HTTP/1.0" 200 6 http-bio-8091-exec-10 3
0:0:0:0:0:0:0:1 - - [14/Nov/2018:09:10:44 +0800] "POST /item/cat/queryItemName HTTP/1.0" 200 6 http-bio-8091-exec-3 2
127.0.0.1 - - [14/Nov/2018:09:10:44 +0800] "POST /item/cat/queryItemName HTTP/1.0" 200 6 http-bio-8091-exec-5 3
0:0:0:0:0:0:0:1 - - [14/Nov/2018:09:10:44 +0800] "POST /item/cat/queryItemName HTTP/1.0" 200 6 http-bio-8091-exec-6 2
127.0.0.1 - - [14/Nov/2018:09:10:44 +0800] "POST /item/cat/queryItemName HTTP/1.0" 200 12 http-bio-8091-exec-2 3
0:0:0:0:0:0:0:1 - - [14/Nov/2018:09:10:44 +0800] "POST /item/cat/queryItemName HTTP/1.0" 200 6 http-bio-8091-exec-4 2
127.0.0.1 - - [14/Nov/2018:09:10:44 +0800] "POST /item/cat/queryItemName HTTP/1.0" 200 6 http-bio-8091-exec-1 3
0:0:0:0:0:0:0:1 - - [14/Nov/2018:09:10:44 +0800] "POST /item/cat/queryItemName HTTP/1.0" 200 6 http-bio-8091-exec-9 2
127.0.0.1 - - [14/Nov/2018:09:10:44 +0800] "POST /item/cat/queryItemName HTTP/1.0" 200 6 http-bio-8091-exec-7 3
0:0:0:0:0:0:0:1 - - [14/Nov/2018:09:10:44 +0800] "POST /item/cat/queryItemName HTTP/1.0" 200 12 http-bio-8091-exec-8 2
127.0.0.1 - - [14/Nov/2018:09:10:44 +0800] "POST /item/cat/queryItemName HTTP/1.0" 200 6 http-bio-8091-exec-10 4
0:0:0:0:0:0:0:1 - - [14/Nov/2018:09:10:44 +0800] "POST /item/cat/queryItemName HTTP/1.0" 200 6 http-bio-8091-exec-3 3
127.0.0.1 - - [14/Nov/2018:09:10:45 +0800] "POST /item/cat/queryItemName HTTP/1.0" 200 6 http-bio-8091-exec-5 4
0:0:0:0:0:0:0:1 - - [14/Nov/2018:09:10:45 +0800] "POST /item/cat/queryItemName HTTP/1.0" 200 12 http-bio-8091-exec-6 2
127.0.0.1 - - [14/Nov/2018:09:10:45 +0800] "POST /item/cat/queryItemName HTTP/1.0" 200 12 http-bio-8091-exec-2 3
0:0:0:0:0:0:0:1 - - [14/Nov/2018:14:24:19 +0800] "GET /web/itemcat/all?callback=category.getDataService HTTP/1.0" 404 981 http-bio-8091-exec-1 133
127.0.0.1 - - [14/Nov/2018:14:24:25 +0800] "GET /web/item/findItemById/562379 HTTP/1.0" 200 506 http-bio-8091-exec-2 508
0:0:0:0:0:0:0:1 - - [14/Nov/2018:14:24:25 +0800] "GET /web/item/findItemDescById/562379 HTTP/1.0" 200 11334 http-bio-8091-exec-3 22
127.0.0.1 - - [14/Nov/2018:15:00:15 +0800] "GET /web/item/findItemById/562379 HTTP/1.0" 200 506 http-bio-8091-exec-4 69
0:0:0:0:0:0:0:1 - - [14/Nov/2018:15:00:15 +0800] "GET /web/item/findItemDescById/562379 HTTP/1.0" 200 11334 http-bio-8091-exec-5 6
127.0.0.1 - - [14/Nov/2018:15:00:24 +0800] "GET /web/item/findItemById/562379 HTTP/1.0" 200 506 http-bio-8091-exec-6 11
0:0:0:0:0:0:0:1 - - [14/Nov/2018:15:00:24 +0800] "GET /web/item/findItemDescById/562379 HTTP/1.0" 200 11334 http-bio-8091-exec-7 13
127.0.0.1 - - [14/Nov/2018:15:01:25 +0800] "GET /web/item/findItemById/562379 HTTP/1.0" 200 506 http-bio-8091-exec-8 15
0:0:0:0:0:0:0:1 - - [14/Nov/2018:15:01:25 +0800] "GET /web/item/findItemDescById/562379 HTTP/1.0" 200 11334 http-bio-8091-exec-9 12
127.0.0.1 - - [14/Nov/2018:15:01:37 +0800] "GET / HTTP/1.0" 200 52 http-bio-8091-exec-10 112
0:0:0:0:0:0:0:1 - - [14/Nov/2018:15:01:45 +0800] "GET /index HTTP/1.0" 200 2545 http-bio-8091-exec-1 144
0:0:0:0:0:0:0:1 - - [14/Nov/2018:15:01:45 +0800] "GET /js/jquery-easyui-1.4.1/themes/icon.css HTTP/1.0" 200 2430 http-bio-8091-exec-3 23
127.0.0.1 - - [14/Nov/2018:15:01:45 +0800] "GET /js/jquery-easyui-1.4.1/themes/default/easyui.css HTTP/1.0" 200 51951 http-bio-8091-exec-2 39
127.0.0.1 - - [14/Nov/2018:15:01:45 +0800] "GET /css/jt.css HTTP/1.0" 200 421 http-bio-8091-exec-4 4
0:0:0:0:0:0:0:1 - - [14/Nov/2018:15:01:45 +0800] "GET /js/jquery-easyui-1.4.1/jquery.min.js HTTP/1.0" 200 95786 http-bio-8091-exec-5 36
127.0.0.1 - - [14/Nov/2018:15:01:46 +0800] "GET /js/common.js HTTP/1.0" 200 8055 http-bio-8091-exec-8 97
0:0:0:0:0:0:0:1 - - [14/Nov/2018:15:01:46 +0800] "GET /js/jquery-easyui-1.4.1/locale/easyui-lang-zh_CN.js HTTP/1.0" 200 2487 http-bio-8091-exec-7 141
127.0.0.1 - - [14/Nov/2018:15:01:46 +0800] "GET /js/jquery-easyui-1.4.1/jquery.easyui.min.js HTTP/1.0" 200 353674 http-bio-8091-exec-6 541
127.0.0.1 - - [14/Nov/2018:15:01:46 +0800] "GET /js/jquery-easyui-1.4.1/themes/default/images/panel_tools.png HTTP/1.0" 200 852 http-bio-8091-exec-10 3
0:0:0:0:0:0:0:1 - - [14/Nov/2018:15:01:46 +0800] "GET /js/jquery-easyui-1.4.1/themes/default/images/blank.gif HTTP/1.0" 200 43 http-bio-8091-exec-1 3
0:0:0:0:0:0:0:1 - - [14/Nov/2018:15:01:46 +0800] "GET /js/jquery-easyui-1.4.1/themes/default/images/tree_icons.png HTTP/1.0" 200 3115 http-bio-8091-exec-9 31
127.0.0.1 - - [14/Nov/2018:15:01:46 +0800] "GET /js/jquery-easyui-1.4.1/themes/default/images/layout_arrows.png HTTP/1.0" 200 319 http-bio-8091-exec-9 5
0:0:0:0:0:0:0:1 - - [14/Nov/2018:15:01:46 +0800] "GET /js/jquery-easyui-1.4.1/themes/default/images/tabs_icons.png HTTP/1.0" 200 150 http-bio-8091-exec-2 3
0:0:0:0:0:0:0:1 - - [14/Nov/2018:15:01:48 +0800] "GET /js/jquery-easyui-1.4.1/themes/default/images/loading.gif HTTP/1.0" 200 1737 http-bio-8091-exec-5 15
127.0.0.1 - - [14/Nov/2018:15:01:48 +0800] "GET /page/item-list?_=1542178906213 HTTP/1.0" 200 6942 http-bio-8091-exec-4 94
127.0.0.1 - - [14/Nov/2018:15:01:48 +0800] "GET /js/jquery-easyui-1.4.1/themes/icons/edit_add.png HTTP/1.0" 200 1088 http-bio-8091-exec-1 19
127.0.0.1 - - [14/Nov/2018:15:01:48 +0800] "GET /js/jquery-easyui-1.4.1/themes/default/images/pagination_icons.png HTTP/1.0" 200 628 http-bio-8091-exec-8 28
0:0:0:0:0:0:0:1 - - [14/Nov/2018:15:01:48 +0800] "GET /js/jquery-easyui-1.4.1/themes/icons/filesave.png HTTP/1.0" 200 898 http-bio-8091-exec-9 8
0:0:0:0:0:0:0:1 - - [14/Nov/2018:15:01:48 +0800] "GET /js/jquery-easyui-1.4.1/themes/icons/pencil.png HTTP/1.0" 200 713 http-bio-8091-exec-6 23
127.0.0.1 - - [14/Nov/2018:15:01:48 +0800] "GET /js/jquery-easyui-1.4.1/themes/icons/cancel.png HTTP/1.0" 200 1133 http-bio-8091-exec-10 27
0:0:0:0:0:0:0:1 - - [14/Nov/2018:15:01:48 +0800] "GET /js/jquery-easyui-1.4.1/themes/icons/edit_remove.png HTTP/1.0" 200 625 http-bio-8091-exec-7 34
127.0.0.1 - - [14/Nov/2018:15:01:48 +0800] "GET /item/query?page=1&rows=20 HTTP/1.0" 200 9038 http-bio-8091-exec-3 100
0:0:0:0:0:0:0:1 - - [14/Nov/2018:15:01:48 +0800] "POST /item/cat/queryItemName HTTP/1.0" 200 6 http-bio-8091-exec-2 9
127.0.0.1 - - [14/Nov/2018:15:01:48 +0800] "POST /item/cat/queryItemName HTTP/1.0" 200 9 http-bio-8091-exec-5 6
0:0:0:0:0:0:0:1 - - [14/Nov/2018:15:01:48 +0800] "POST /item/cat/queryItemName HTTP/1.0" 200 15 http-bio-8091-exec-4 5
127.0.0.1 - - [14/Nov/2018:15:01:48 +0800] "POST /item/cat/queryItemName HTTP/1.0" 200 12 http-bio-8091-exec-1 6
0:0:0:0:0:0:0:1 - - [14/Nov/2018:15:01:48 +0800] "POST /item/cat/queryItemName HTTP/1.0" 200 12 http-bio-8091-exec-8 10
127.0.0.1 - - [14/Nov/2018:15:01:48 +0800] "POST /item/cat/queryItemName HTTP/1.0" 200 12 http-bio-8091-exec-9 12
0:0:0:0:0:0:0:1 - - [14/Nov/2018:15:01:48 +0800] "POST /item/cat/queryItemName HTTP/1.0" 200 12 http-bio-8091-exec-6 8
127.0.0.1 - - [14/Nov/2018:15:01:48 +0800] "POST /item/cat/queryItemName HTTP/1.0" 200 12 http-bio-8091-exec-10 11
0:0:0:0:0:0:0:1 - - [14/Nov/2018:15:01:48 +0800] "POST /item/cat/queryItemName HTTP/1.0" 200 12 http-bio-8091-exec-7 11
127.0.0.1 - - [14/Nov/2018:15:01:48 +0800] "POST /item/cat/queryItemName HTTP/1.0" 200 12 http-bio-8091-exec-3 6
0:0:0:0:0:0:0:1 - - [14/Nov/2018:15:01:48 +0800] "POST /item/cat/queryItemName HTTP/1.0" 200 6 http-bio-8091-exec-2 8
127.0.0.1 - - [14/Nov/2018:15:01:49 +0800] "POST /item/cat/queryItemName HTTP/1.0" 200 6 http-bio-8091-exec-5 7
0:0:0:0:0:0:0:1 - - [14/Nov/2018:15:01:49 +0800] "POST /item/cat/queryItemName HTTP/1.0" 200 12 http-bio-8091-exec-4 5
127.0.0.1 - - [14/Nov/2018:15:01:49 +0800] "POST /item/cat/queryItemName HTTP/1.0" 200 6 http-bio-8091-exec-1 7
0:0:0:0:0:0:0:1 - - [14/Nov/2018:15:01:49 +0800] "POST /item/cat/queryItemName HTTP/1.0" 200 6 http-bio-8091-exec-8 6
127.0.0.1 - - [14/Nov/2018:15:01:49 +0800] "POST /item/cat/queryItemName HTTP/1.0" 200 6 http-bio-8091-exec-9 7
0:0:0:0:0:0:0:1 - - [14/Nov/2018:15:01:49 +0800] "POST /item/cat/queryItemName HTTP/1.0" 200 6 http-bio-8091-exec-6 6
127.0.0.1 - - [14/Nov/2018:15:01:49 +0800] "POST /item/cat/queryItemName HTTP/1.0" 200 6 http-bio-8091-exec-10 6
0:0:0:0:0:0:0:1 - - [14/Nov/2018:15:01:49 +0800] "POST /item/cat/queryItemName HTTP/1.0" 200 6 http-bio-8091-exec-7 4
127.0.0.1 - - [14/Nov/2018:15:01:49 +0800] "POST /item/cat/queryItemName HTTP/1.0" 200 12 http-bio-8091-exec-3 5
0:0:0:0:0:0:0:1 - - [14/Nov/2018:15:02:03 +0800] "GET /web/item/findItemById/562379 HTTP/1.0" 200 506 http-bio-8091-exec-2 7
127.0.0.1 - - [14/Nov/2018:15:02:03 +0800] "GET /web/item/findItemDescById/562379 HTTP/1.0" 200 11334 http-bio-8091-exec-5 11
0:0:0:0:0:0:0:1 - - [14/Nov/2018:15:02:10 +0800] "GET /web/item/findItemById/1454057919 HTTP/1.0" 200 465 http-bio-8091-exec-4 5
127.0.0.1 - - [14/Nov/2018:15:02:10 +0800] "GET /web/item/findItemDescById/1454057919 HTTP/1.0" 200 83 http-bio-8091-exec-1 98
0:0:0:0:0:0:0:1 - - [14/Nov/2018:15:05:07 +0800] "GET /web/item/findItemById/1454057919 HTTP/1.0" 200 465 http-bio-8091-exec-8 7
127.0.0.1 - - [14/Nov/2018:15:05:08 +0800] "GET /web/item/findItemDescById/1454057919 HTTP/1.0" 200 83 http-bio-8091-exec-9 19
0:0:0:0:0:0:0:1 - - [14/Nov/2018:15:11:18 +0800] "GET /web/item/findItemById/1454057919 HTTP/1.0" 200 465 http-bio-8091-exec-6 7
127.0.0.1 - - [14/Nov/2018:15:11:19 +0800] "GET /web/item/findItemDescById/1454057919 HTTP/1.0" 200 83 http-bio-8091-exec-10 10
0:0:0:0:0:0:0:1 - - [14/Nov/2018:15:11:24 +0800] "GET /web/item/findItemById/1454057919 HTTP/1.0" 200 465 http-bio-8091-exec-7 7
127.0.0.1 - - [14/Nov/2018:15:11:24 +0800] "GET /web/item/findItemDescById/1454057919 HTTP/1.0" 200 83 http-bio-8091-exec-3 9
0:0:0:0:0:0:0:1 - - [14/Nov/2018:16:11:56 +0800] "GET /web/itemcat/all?callback=category.getDataService HTTP/1.0" 404 981 http-bio-8091-exec-2 2
127.0.0.1 - - [14/Nov/2018:16:19:10 +0800] "GET /web/item/findItemById/562379 HTTP/1.0" 200 506 http-bio-8091-exec-5 66
0:0:0:0:0:0:0:1 - - [14/Nov/2018:16:19:10 +0800] "GET /web/item/findItemDescById/562379 HTTP/1.0" 200 11334 http-bio-8091-exec-4 7
127.0.0.1 - - [14/Nov/2018:16:20:29 +0800] "GET /web/item/findItemById/562379 HTTP/1.0" 200 506 http-bio-8091-exec-1 9
0:0:0:0:0:0:0:1 - - [14/Nov/2018:16:20:29 +0800] "GET /web/item/findItemDescById/562379 HTTP/1.0" 200 11334 http-bio-8091-exec-8 5
127.0.0.1 - - [14/Nov/2018:17:00:26 +0800] "GET /web/itemcat/all?callback=category.getDataService HTTP/1.0" 404 981 http-bio-8091-exec-9 2
0:0:0:0:0:0:0:1 - - [14/Nov/2018:17:00:28 +0800] "GET /web/item/findItemById/562379 HTTP/1.0" 200 506 http-bio-8091-exec-6 40
127.0.0.1 - - [14/Nov/2018:17:00:28 +0800] "GET /web/item/findItemDescById/562379 HTTP/1.0" 200 11334 http-bio-8091-exec-10 20
0:0:0:0:0:0:0:1 - - [14/Nov/2018:17:00:37 +0800] "GET /web/item/findItemById/562379 HTTP/1.0" 200 506 http-bio-8091-exec-7 15
127.0.0.1 - - [14/Nov/2018:17:00:37 +0800] "GET /web/item/findItemDescById/562379 HTTP/1.0" 200 11334 http-bio-8091-exec-3 16
0:0:0:0:0:0:0:1 - - [14/Nov/2018:17:00:45 +0800] "GET /index HTTP/1.0" 200 2545 http-bio-8091-exec-2 6
0:0:0:0:0:0:0:1 - - [14/Nov/2018:17:00:45 +0800] "GET /js/jquery-easyui-1.4.1/themes/icon.css HTTP/1.0" 200 2430 http-bio-8091-exec-5 3
127.0.0.1 - - [14/Nov/2018:17:00:45 +0800] "GET /js/jquery-easyui-1.4.1/themes/default/easyui.css HTTP/1.0" 200 51951 http-bio-8091-exec-4 24
127.0.0.1 - - [14/Nov/2018:17:00:46 +0800] "GET /css/jt.css HTTP/1.0" 200 421 http-bio-8091-exec-1 3
0:0:0:0:0:0:0:1 - - [14/Nov/2018:17:00:46 +0800] "GET /js/jquery-easyui-1.4.1/jquery.min.js HTTP/1.0" 200 95786 http-bio-8091-exec-1 11
0:0:0:0:0:0:0:1 - - [14/Nov/2018:17:00:46 +0800] "GET /js/common.js HTTP/1.0" 200 8055 http-bio-8091-exec-6 1
127.0.0.1 - - [14/Nov/2018:17:00:46 +0800] "GET /js/jquery-easyui-1.4.1/locale/easyui-lang-zh_CN.js HTTP/1.0" 200 2487 http-bio-8091-exec-1 5
127.0.0.1 - - [14/Nov/2018:17:00:46 +0800] "GET /js/jquery-easyui-1.4.1/jquery.easyui.min.js HTTP/1.0" 200 353674 http-bio-8091-exec-9 19
0:0:0:0:0:0:0:1 - - [14/Nov/2018:17:00:46 +0800] "GET /js/jquery-easyui-1.4.1/themes/default/images/tree_icons.png HTTP/1.0" 200 3115 http-bio-8091-exec-7 7
127.0.0.1 - - [14/Nov/2018:17:00:46 +0800] "GET /js/jquery-easyui-1.4.1/themes/default/images/panel_tools.png HTTP/1.0" 200 852 http-bio-8091-exec-3 2
0:0:0:0:0:0:0:1 - - [14/Nov/2018:17:00:46 +0800] "GET /js/jquery-easyui-1.4.1/themes/default/images/blank.gif HTTP/1.0" 200 43 http-bio-8091-exec-2 8
127.0.0.1 - - [14/Nov/2018:17:00:46 +0800] "GET /js/jquery-easyui-1.4.1/themes/default/images/layout_arrows.png HTTP/1.0" 200 319 http-bio-8091-exec-2 3
0:0:0:0:0:0:0:1 - - [14/Nov/2018:17:00:46 +0800] "GET /js/jquery-easyui-1.4.1/themes/default/images/tabs_icons.png HTTP/1.0" 200 150 http-bio-8091-exec-4 8
127.0.0.1 - - [14/Nov/2018:17:00:48 +0800] "GET /page/item-list?_=1542186046828 HTTP/1.0" 200 6942 http-bio-8091-exec-8 16
0:0:0:0:0:0:0:1 - - [14/Nov/2018:17:00:48 +0800] "GET /js/jquery-easyui-1.4.1/themes/default/images/loading.gif HTTP/1.0" 200 1737 http-bio-8091-exec-8 5
127.0.0.1 - - [14/Nov/2018:17:00:48 +0800] "GET /js/jquery-easyui-1.4.1/themes/default/images/pagination_icons.png HTTP/1.0" 200 628 http-bio-8091-exec-6 1
0:0:0:0:0:0:0:1 - - [14/Nov/2018:17:00:48 +0800] "GET /js/jquery-easyui-1.4.1/themes/icons/cancel.png HTTP/1.0" 200 1133 http-bio-8091-exec-1 1
127.0.0.1 - - [14/Nov/2018:17:00:48 +0800] "GET /js/jquery-easyui-1.4.1/themes/icons/edit_remove.png HTTP/1.0" 200 625 http-bio-8091-exec-6 3
127.0.0.1 - - [14/Nov/2018:17:00:48 +0800] "GET /js/jquery-easyui-1.4.1/themes/icons/pencil.png HTTP/1.0" 200 713 http-bio-8091-exec-6 3
0:0:0:0:0:0:0:1 - - [14/Nov/2018:17:00:48 +0800] "GET /js/jquery-easyui-1.4.1/themes/icons/filesave.png HTTP/1.0" 200 898 http-bio-8091-exec-6 1
0:0:0:0:0:0:0:1 - - [14/Nov/2018:17:00:48 +0800] "GET /js/jquery-easyui-1.4.1/themes/icons/edit_add.png HTTP/1.0" 200 1088 http-bio-8091-exec-1 9
127.0.0.1 - - [14/Nov/2018:17:00:48 +0800] "GET /item/query?page=1&rows=20 HTTP/1.0" 200 9038 http-bio-8091-exec-3 33
0:0:0:0:0:0:0:1 - - [14/Nov/2018:17:00:48 +0800] "POST /item/cat/queryItemName HTTP/1.0" 200 6 http-bio-8091-exec-4 8
127.0.0.1 - - [14/Nov/2018:17:00:48 +0800] "POST /item/cat/queryItemName HTTP/1.0" 200 9 http-bio-8091-exec-8 6
0:0:0:0:0:0:0:1 - - [14/Nov/2018:17:00:48 +0800] "POST /item/cat/queryItemName HTTP/1.0" 200 15 http-bio-8091-exec-10 5
127.0.0.1 - - [14/Nov/2018:17:00:48 +0800] "POST /item/cat/queryItemName HTTP/1.0" 200 12 http-bio-8091-exec-9 7
0:0:0:0:0:0:0:1 - - [14/Nov/2018:17:00:48 +0800] "POST /item/cat/queryItemName HTTP/1.0" 200 12 http-bio-8091-exec-7 7
127.0.0.1 - - [14/Nov/2018:17:00:48 +0800] "POST /item/cat/queryItemName HTTP/1.0" 200 12 http-bio-8091-exec-6 8
0:0:0:0:0:0:0:1 - - [14/Nov/2018:17:00:48 +0800] "POST /item/cat/queryItemName HTTP/1.0" 200 12 http-bio-8091-exec-1 6
127.0.0.1 - - [14/Nov/2018:17:00:48 +0800] "POST /item/cat/queryItemName HTTP/1.0" 200 12 http-bio-8091-exec-5 6
0:0:0:0:0:0:0:1 - - [14/Nov/2018:17:00:48 +0800] "POST /item/cat/queryItemName HTTP/1.0" 200 12 http-bio-8091-exec-2 9
127.0.0.1 - - [14/Nov/2018:17:00:48 +0800] "POST /item/cat/queryItemName HTTP/1.0" 200 12 http-bio-8091-exec-3 6
0:0:0:0:0:0:0:1 - - [14/Nov/2018:17:00:48 +0800] "POST /item/cat/queryItemName HTTP/1.0" 200 6 http-bio-8091-exec-4 4
127.0.0.1 - - [14/Nov/2018:17:00:48 +0800] "POST /item/cat/queryItemName HTTP/1.0" 200 6 http-bio-8091-exec-8 7
0:0:0:0:0:0:0:1 - - [14/Nov/2018:17:00:48 +0800] "POST /item/cat/queryItemName HTTP/1.0" 200 12 http-bio-8091-exec-10 5
127.0.0.1 - - [14/Nov/2018:17:00:48 +0800] "POST /item/cat/queryItemName HTTP/1.0" 200 6 http-bio-8091-exec-9 8
0:0:0:0:0:0:0:1 - - [14/Nov/2018:17:00:49 +0800] "POST /item/cat/queryItemName HTTP/1.0" 200 6 http-bio-8091-exec-7 9
127.0.0.1 - - [14/Nov/2018:17:00:49 +0800] "POST /item/cat/queryItemName HTTP/1.0" 200 6 http-bio-8091-exec-6 7
0:0:0:0:0:0:0:1 - - [14/Nov/2018:17:00:49 +0800] "POST /item/cat/queryItemName HTTP/1.0" 200 6 http-bio-8091-exec-1 14
127.0.0.1 - - [14/Nov/2018:17:00:49 +0800] "POST /item/cat/queryItemName HTTP/1.0" 200 6 http-bio-8091-exec-5 8
0:0:0:0:0:0:0:1 - - [14/Nov/2018:17:00:49 +0800] "POST /item/cat/queryItemName HTTP/1.0" 200 6 http-bio-8091-exec-2 8
127.0.0.1 - - [14/Nov/2018:17:00:49 +0800] "POST /item/cat/queryItemName HTTP/1.0" 200 12 http-bio-8091-exec-3 8
0:0:0:0:0:0:0:1 - - [14/Nov/2018:17:01:16 +0800] "GET /web/item/findItemById/1474391971 HTTP/1.0" 200 195 http-bio-8091-exec-4 14
127.0.0.1 - - [14/Nov/2018:17:01:16 +0800] "GET /web/item/findItemDescById/1474391971 HTTP/1.0" 200 36004 http-bio-8091-exec-8 125
0:0:0:0:0:0:0:1 - - [14/Nov/2018:19:43:13 +0800] "GET /web/item/findItemById/562379 HTTP/1.0" 200 506 http-bio-8091-exec-10 36
127.0.0.1 - - [14/Nov/2018:19:43:13 +0800] "GET /web/item/findItemDescById/562379 HTTP/1.0" 200 11334 http-bio-8091-exec-9 5
0:0:0:0:0:0:0:1 - - [14/Nov/2018:19:44:09 +0800] "GET /web/item/findItemById/562379 HTTP/1.0" 200 506 http-bio-8091-exec-7 6
127.0.0.1 - - [14/Nov/2018:19:44:09 +0800] "GET /web/item/findItemDescById/562379 HTTP/1.0" 200 11334 http-bio-8091-exec-6 12
0:0:0:0:0:0:0:1 - - [14/Nov/2018:19:44:38 +0800] "GET /web/item/findItemById/562379 HTTP/1.0" 200 506 http-bio-8091-exec-1 6
127.0.0.1 - - [14/Nov/2018:19:44:38 +0800] "GET /web/item/findItemDescById/562379 HTTP/1.0" 200 11334 http-bio-8091-exec-5 8
0:0:0:0:0:0:0:1 - - [14/Nov/2018:19:45:30 +0800] "GET /web/item/findItemById/562379 HTTP/1.0" 200 506 http-bio-8091-exec-2 7
127.0.0.1 - - [14/Nov/2018:19:45:30 +0800] "GET /web/item/findItemDescById/562379 HTTP/1.0" 200 11334 http-bio-8091-exec-3 11
0:0:0:0:0:0:0:1 - - [14/Nov/2018:19:46:35 +0800] "GET /web/item/findItemById/562379 HTTP/1.0" 200 506 http-bio-8091-exec-4 8
127.0.0.1 - - [14/Nov/2018:19:46:35 +0800] "GET /web/item/findItemDescById/562379 HTTP/1.0" 200 11334 http-bio-8091-exec-8 6
127.0.0.1 - - [14/Nov/2018:20:07:44 +0800] "GET /web/item/findItemById/562379 HTTP/1.0" 200 506 http-bio-8091-exec-1 543
0:0:0:0:0:0:0:1 - - [14/Nov/2018:20:07:44 +0800] "GET /web/item/findItemDescById/562379 HTTP/1.0" 200 11334 http-bio-8091-exec-2 15
